// Jest Snapshot v1, https://goo.gl/fbAQLP

exports[`Should ReviewsList render correctly 1`] = `
<div
  className="movie-card__reviews movie-card__row"
>
  <div
    className="movie-card__reviews-col"
  >
    <div
      className="review"
    >
      <blockquote
        className="review__quote"
      >
        <p
          className="review__text"
        >
          Lorem ipsum dolor sit amet, consectetur adipiscing elit. Cras aliquet varius magna, non porta ligula feugiat eget. Sed sed nisi sed augue convallis suscipit in sed felis. Fusce tristique felis at fermentum pharetra. Aliquam id orci ut lectus varius viverra.
        </p>
        <footer
          className="review__details"
        >
          <cite
            className="review__author"
          >
            John Doe
          </cite>
          <time
            className="review__date"
            dateTime="1970-01-01"
          >
            January 1, 1970
          </time>
        </footer>
      </blockquote>
      <div
        className="review__rating"
      >
        8.9
      </div>
    </div>
  </div>
  <div
    className="movie-card__reviews-col"
  >
    <div
      className="review"
    >
      <blockquote
        className="review__quote"
      >
        <p
          className="review__text"
        >
          Lorem ipsum dolor sit amet, consectetur adipiscing elit. Cras aliquet varius magna
        </p>
        <footer
          className="review__details"
        >
          <cite
            className="review__author"
          >
            Robert Rodrigues
          </cite>
          <time
            className="review__date"
            dateTime="1970-01-01"
          >
            January 1, 1970
          </time>
        </footer>
      </blockquote>
      <div
        className="review__rating"
      >
        5.4
      </div>
    </div>
  </div>
</div>
`;
